  ✓  passed
  ✗  found a violation
  ○  did not run by design
  ▲  could not run and blocks the result
  ◆  jigctl itself failed

  ✓  HCR-0001  Title A     <dur>  test
  ✗  HCR-0002  Title B           1 finding
  ○  HCR-0003  Title C           kind-not-executable
  ▲  HCR-0004  Title D           executable-missing
  ◆  HCR-0005  Title E           process-start

  ✗  HCR-0002  Title B
       Summary B
       b.txt:10

  ○  HCR-0003  Title C
       Kind cannot execute
       Summary C

  ▲  HCR-0004  Title D
       Executable is absent from PATH
       Summary D

  ◆  HCR-0005  Title E
       Other process-start failure
       Summary E
